  Determining projects to restore...
D:\Hao\Code\MoneyTraceAI\backend\MoneyTrace.Api\MoneyTrace.Api.csproj : warning NU1603: MoneyTrace.Api depends on Microsoft.AspNetCore.OpenApi (>= 9.0.6) but Microsoft.AspNetCore.OpenApi 9.0.6 was not found. Microsoft.AspNetCore.OpenApi 9.0.9 was resolved instead. [D:\Hao\Code\MoneyTraceAI\backend\MoneyTrace.sln]
  All projects are up-to-date for restore.
  MoneyTrace.Domain -> D:\Hao\Code\MoneyTraceAI\backend\MoneyTrace.Domain\bin\Debug\net9.0\MoneyTrace.Domain.dll
D:\Hao\Code\MoneyTraceAI\backend\MoneyTrace.Api\MoneyTrace.Api.csproj : warning NU1603: MoneyTrace.Api depends on Microsoft.AspNetCore.OpenApi (>= 9.0.6) but Microsoft.AspNetCore.OpenApi 9.0.6 was not found. Microsoft.AspNetCore.OpenApi 9.0.9 was resolved instead.
D:\Hao\Code\MoneyTraceAI\backend\MoneyTrace.Application\DependencyInjection.cs(1,7): error CS0246: The type or namespace name 'FluentValidation' could not be found (are you missing a using directive or an assembly reference?) [D:\Hao\Code\MoneyTraceAI\backend\MoneyTrace.Application\MoneyTrace.Application.csproj]
D:\Hao\Code\MoneyTraceAI\backend\MoneyTrace.Application\DependencyInjection.cs(2,17): error CS0234: The type or namespace name 'Extensions' does not exist in the namespace 'Microsoft' (are you missing an assembly reference?) [D:\Hao\Code\MoneyTraceAI\backend\MoneyTrace.Application\MoneyTrace.Application.csproj]
D:\Hao\Code\MoneyTraceAI\backend\MoneyTrace.Application\DependencyInjection.cs(8,58): error CS0246: The type or namespace name 'IServiceCollection' could not be found (are you missing a using directive or an assembly reference?) [D:\Hao\Code\MoneyTraceAI\backend\MoneyTrace.Application\MoneyTrace.Application.csproj]
D:\Hao\Code\MoneyTraceAI\backend\MoneyTrace.Application\DependencyInjection.cs(8,19): error CS0246: The type or namespace name 'IServiceCollection' could not be found (are you missing a using directive or an assembly reference?) [D:\Hao\Code\MoneyTraceAI\backend\MoneyTrace.Application\MoneyTrace.Application.csproj]

Build FAILED.

D:\Hao\Code\MoneyTraceAI\backend\MoneyTrace.Api\MoneyTrace.Api.csproj : warning NU1603: MoneyTrace.Api depends on Microsoft.AspNetCore.OpenApi (>= 9.0.6) but Microsoft.AspNetCore.OpenApi 9.0.6 was not found. Microsoft.AspNetCore.OpenApi 9.0.9 was resolved instead. [D:\Hao\Code\MoneyTraceAI\backend\MoneyTrace.sln]
D:\Hao\Code\MoneyTraceAI\backend\MoneyTrace.Api\MoneyTrace.Api.csproj : warning NU1603: MoneyTrace.Api depends on Microsoft.AspNetCore.OpenApi (>= 9.0.6) but Microsoft.AspNetCore.OpenApi 9.0.6 was not found. Microsoft.AspNetCore.OpenApi 9.0.9 was resolved instead.
D:\Hao\Code\MoneyTraceAI\backend\MoneyTrace.Application\DependencyInjection.cs(1,7): error CS0246: The type or namespace name 'FluentValidation' could not be found (are you missing a using directive or an assembly reference?) [D:\Hao\Code\MoneyTraceAI\backend\MoneyTrace.Application\MoneyTrace.Application.csproj]
D:\Hao\Code\MoneyTraceAI\backend\MoneyTrace.Application\DependencyInjection.cs(2,17): error CS0234: The type or namespace name 'Extensions' does not exist in the namespace 'Microsoft' (are you missing an assembly reference?) [D:\Hao\Code\MoneyTraceAI\backend\MoneyTrace.Application\MoneyTrace.Application.csproj]
D:\Hao\Code\MoneyTraceAI\backend\MoneyTrace.Application\DependencyInjection.cs(8,58): error CS0246: The type or namespace name 'IServiceCollection' could not be found (are you missing a using directive or an assembly reference?) [D:\Hao\Code\MoneyTraceAI\backend\MoneyTrace.Application\MoneyTrace.Application.csproj]
D:\Hao\Code\MoneyTraceAI\backend\MoneyTrace.Application\DependencyInjection.cs(8,19): error CS0246: The type or namespace name 'IServiceCollection' could not be found (are you missing a using directive or an assembly reference?) [D:\Hao\Code\MoneyTraceAI\backend\MoneyTrace.Application\MoneyTrace.Application.csproj]
    2 Warning(s)
    4 Error(s)

Time Elapsed 00:00:03.76
